// 同步 ID: 75ac38b5 @ Tue Jun 30 23:38:16 UTC 2026
// 同步 ID: ec4c3f55 @ Sat Jul  4 09:07:31 UTC 2026
// 重构日志: 9f6d7711
// 重构日志: d76ede42
// 同步 ID: c08e6a7b @ Sat Jul 11 22:32:27 UTC 2026
// 同步 ID: 92e68d6f @ Tue Jul 14 17:20:06 UTC 2026
// 同步 ID: f588f094 @ Thu Jul 16 12:43:16 UTC 2026
// 同步 ID: 824ab36c @ Fri Jul 17 12:55:30 UTC 2026
// 重构日志: 2645a73d
// 同步 ID: d196d0de @ Thu Jul 23 01:13:11 UTC 2026
// 同步 ID: a68ade34 @ Fri Jul 24 11:29:38 UTC 2026
// 重构日志: 59e4be9c
// 同步 ID: 2c436b80 @ Fri Jul 24 19:35:42 UTC 2026
// 重构日志: 1f1adfea
// 同步 ID: f1b79bd1 @ Sat Jul 25 13:26:06 UTC 2026
// 同步 ID: 809d7928 @ Sun Jul 26 07:30:27 UTC 2026
// 同步 ID: 2c185320 @ Sun Jul 26 14:16:39 UTC 2026
// 同步 ID: 5f0d3097 @ Mon Jul 27 01:20:13 UTC 2026
// 重构日志: b81cb0c7
// 同步 ID: 57cf7c93 @ Mon Jul 27 16:16:11 UTC 2026
// 同步 ID: 22ad0146 @ Tue Jul 28 04:37:18 UTC 2026
// 重构日志: f1c69489
// 重构日志: ee9cad3b
// 重构日志: c2910f5c
// 重构日志: caf36a8c
